// Jest Snapshot v1, https://goo.gl/fbAQLP

exports[`SaveButton renders correctly 1`] = `
<button
  className="saveButton"
  onClick={undefined}
/>
`;
